[0.946s] Invoking command in '/home/ayeong/ros2_ws/src/lidar_mock': PYTHONPATH=/home/ayeong/ros2_ws/build/lidar_mock/prefix_override:/usr/lib/python3/dist-packages/colcon_core/task/python/colcon_distutils_commands:/home/ayeong/ros2_ws/install/lidar_mock/lib/python3.12/site-packages:${PYTHONPATH} /usr/bin/python3 -W ignore:setup.py install is deprecated -W ignore:easy_install command is deprecated setup.py egg_info --egg-base ../../build/lidar_mock build --build-base /home/ayeong/ros2_ws/build/lidar_mock/build install --record /home/ayeong/ros2_ws/build/lidar_mock/install.log --single-version-externally-managed install_data
[1.270s] running egg_info
[1.298s] writing ../../build/lidar_mock/lidar_mock.egg-info/PKG-INFO
[1.298s] writing dependency_links to ../../build/lidar_mock/lidar_mock.egg-info/dependency_links.txt
[1.298s] writing entry points to ../../build/lidar_mock/lidar_mock.egg-info/entry_points.txt
[1.299s] writing requirements to ../../build/lidar_mock/lidar_mock.egg-info/requires.txt
[1.299s] writing top-level names to ../../build/lidar_mock/lidar_mock.egg-info/top_level.txt
[1.357s] reading manifest file '../../build/lidar_mock/lidar_mock.egg-info/SOURCES.txt'
[1.358s] writing manifest file '../../build/lidar_mock/lidar_mock.egg-info/SOURCES.txt'
[1.358s] running build
[1.358s] running build_py
[1.358s] running install
[1.364s] running install_lib
[1.392s] running install_data
[1.392s] running install_egg_info
[1.422s] removing '/home/ayeong/ros2_ws/install/lidar_mock/lib/python3.12/site-packages/lidar_mock-0.0.0-py3.12.egg-info' (and everything under it)
[1.422s] Copying ../../build/lidar_mock/lidar_mock.egg-info to /home/ayeong/ros2_ws/install/lidar_mock/lib/python3.12/site-packages/lidar_mock-0.0.0-py3.12.egg-info
[1.423s] running install_scripts
[1.591s] Installing lidar_publisher script to /home/ayeong/ros2_ws/install/lidar_mock/lib/lidar_mock
[1.591s] writing list of installed files to '/home/ayeong/ros2_ws/build/lidar_mock/install.log'
[1.618s] Invoked command in '/home/ayeong/ros2_ws/src/lidar_mock' returned '0': PYTHONPATH=/home/ayeong/ros2_ws/build/lidar_mock/prefix_override:/usr/lib/python3/dist-packages/colcon_core/task/python/colcon_distutils_commands:/home/ayeong/ros2_ws/install/lidar_mock/lib/python3.12/site-packages:${PYTHONPATH} /usr/bin/python3 -W ignore:setup.py install is deprecated -W ignore:easy_install command is deprecated setup.py egg_info --egg-base ../../build/lidar_mock build --build-base /home/ayeong/ros2_ws/build/lidar_mock/build install --record /home/ayeong/ros2_ws/build/lidar_mock/install.log --single-version-externally-managed install_data
