[1.510s] Invoking command in '/home/ayeong/ros2_ws/src/lidar_mock': PS1=(venv) \[\e]0;\u@\h: \w\a\]${debian_chroot:+($debian_chroot)}\[\033[01;32m\]\u@\h\[\033[00m\]:\[\033[01;34m\]\w\[\033[00m\]\$ PYTHONPATH=/home/ayeong/ros2_ws/build/lidar_mock/prefix_override:/usr/lib/python3/dist-packages/colcon_core/task/python/colcon_distutils_commands:/home/ayeong/ros2_ws/install/lidar_mock/lib/python3.12/site-packages:${PYTHONPATH} VIRTUAL_ENV_PROMPT=(venv) /usr/bin/python3 -W ignore:setup.py install is deprecated -W ignore:easy_install command is deprecated setup.py egg_info --egg-base ../../build/lidar_mock build --build-base /home/ayeong/ros2_ws/build/lidar_mock/build install --record /home/ayeong/ros2_ws/build/lidar_mock/install.log --single-version-externally-managed install_data
[1.833s] running egg_info
[1.860s] writing ../../build/lidar_mock/lidar_mock.egg-info/PKG-INFO
[1.861s] writing dependency_links to ../../build/lidar_mock/lidar_mock.egg-info/dependency_links.txt
[1.861s] writing entry points to ../../build/lidar_mock/lidar_mock.egg-info/entry_points.txt
[1.861s] writing requirements to ../../build/lidar_mock/lidar_mock.egg-info/requires.txt
[1.862s] writing top-level names to ../../build/lidar_mock/lidar_mock.egg-info/top_level.txt
[1.919s] reading manifest file '../../build/lidar_mock/lidar_mock.egg-info/SOURCES.txt'
[1.921s] writing manifest file '../../build/lidar_mock/lidar_mock.egg-info/SOURCES.txt'
[1.921s] running build
[1.921s] running build_py
[1.921s] running install
[1.927s] running install_lib
[1.956s] running install_data
[1.957s] running install_egg_info
[1.984s] removing '/home/ayeong/ros2_ws/install/lidar_mock/lib/python3.12/site-packages/lidar_mock-0.0.0-py3.12.egg-info' (and everything under it)
[1.985s] Copying ../../build/lidar_mock/lidar_mock.egg-info to /home/ayeong/ros2_ws/install/lidar_mock/lib/python3.12/site-packages/lidar_mock-0.0.0-py3.12.egg-info
[1.987s] running install_scripts
[2.151s] Installing lidar_publisher script to /home/ayeong/ros2_ws/install/lidar_mock/lib/lidar_mock
[2.151s] writing list of installed files to '/home/ayeong/ros2_ws/build/lidar_mock/install.log'
[2.177s] Invoked command in '/home/ayeong/ros2_ws/src/lidar_mock' returned '0': PS1=(venv) \[\e]0;\u@\h: \w\a\]${debian_chroot:+($debian_chroot)}\[\033[01;32m\]\u@\h\[\033[00m\]:\[\033[01;34m\]\w\[\033[00m\]\$ PYTHONPATH=/home/ayeong/ros2_ws/build/lidar_mock/prefix_override:/usr/lib/python3/dist-packages/colcon_core/task/python/colcon_distutils_commands:/home/ayeong/ros2_ws/install/lidar_mock/lib/python3.12/site-packages:${PYTHONPATH} VIRTUAL_ENV_PROMPT=(venv) /usr/bin/python3 -W ignore:setup.py install is deprecated -W ignore:easy_install command is deprecated setup.py egg_info --egg-base ../../build/lidar_mock build --build-base /home/ayeong/ros2_ws/build/lidar_mock/build install --record /home/ayeong/ros2_ws/build/lidar_mock/install.log --single-version-externally-managed install_data
