running egg_info
creating ../../build/lidar_mock/lidar_mock.egg-info
writing ../../build/lidar_mock/lidar_mock.egg-info/PKG-INFO
writing dependency_links to ../../build/lidar_mock/lidar_mock.egg-info/dependency_links.txt
writing requirements to ../../build/lidar_mock/lidar_mock.egg-info/requires.txt
writing top-level names to ../../build/lidar_mock/lidar_mock.egg-info/top_level.txt
writing manifest file '../../build/lidar_mock/lidar_mock.egg-info/SOURCES.txt'
reading manifest file '../../build/lidar_mock/lidar_mock.egg-info/SOURCES.txt'
writing manifest file '../../build/lidar_mock/lidar_mock.egg-info/SOURCES.txt'
running build
running build_py
creating /home/ayeong/ros2_ws/build/lidar_mock/build
creating /home/ayeong/ros2_ws/build/lidar_mock/build/lib
creating /home/ayeong/ros2_ws/build/lidar_mock/build/lib/lidar_mock
copying lidar_mock/__init__.py -> /home/ayeong/ros2_ws/build/lidar_mock/build/lib/lidar_mock
running install
running install_lib
creating /home/ayeong/ros2_ws/install/lidar_mock/lib/python3.12/site-packages/lidar_mock
copying /home/ayeong/ros2_ws/build/lidar_mock/build/lib/lidar_mock/__init__.py -> /home/ayeong/ros2_ws/install/lidar_mock/lib/python3.12/site-packages/lidar_mock
byte-compiling /home/ayeong/ros2_ws/install/lidar_mock/lib/python3.12/site-packages/lidar_mock/__init__.py to __init__.cpython-312.pyc
running install_data
creating /home/ayeong/ros2_ws/install/lidar_mock/share/ament_index
creating /home/ayeong/ros2_ws/install/lidar_mock/share/ament_index/resource_index
creating /home/ayeong/ros2_ws/install/lidar_mock/share/ament_index/resource_index/packages
copying resource/lidar_mock -> /home/ayeong/ros2_ws/install/lidar_mock/share/ament_index/resource_index/packages
copying package.xml -> /home/ayeong/ros2_ws/install/lidar_mock/share/lidar_mock
running install_egg_info
Copying ../../build/lidar_mock/lidar_mock.egg-info to /home/ayeong/ros2_ws/install/lidar_mock/lib/python3.12/site-packages/lidar_mock-0.0.0-py3.12.egg-info
running install_scripts
writing list of installed files to '/home/ayeong/ros2_ws/build/lidar_mock/install.log'
