[1.891s] Invoking command in '/home/ayeong/ros2_ws/src/lidar_mock': PYTHONPATH=/home/ayeong/ros2_ws/build/lidar_mock/prefix_override:/usr/lib/python3/dist-packages/colcon_core/task/python/colcon_distutils_commands:/home/ayeong/ros2_ws/install/lidar_mock/lib/python3.12/site-packages:${PYTHONPATH} /usr/bin/python3 -W ignore:setup.py install is deprecated -W ignore:easy_install command is deprecated setup.py egg_info --egg-base ../../build/lidar_mock build --build-base /home/ayeong/ros2_ws/build/lidar_mock/build install --record /home/ayeong/ros2_ws/build/lidar_mock/install.log --single-version-externally-managed install_data
[2.221s] running egg_info
[2.222s] creating ../../build/lidar_mock/lidar_mock.egg-info
[2.248s] writing ../../build/lidar_mock/lidar_mock.egg-info/PKG-INFO
[2.248s] writing dependency_links to ../../build/lidar_mock/lidar_mock.egg-info/dependency_links.txt
[2.248s] writing requirements to ../../build/lidar_mock/lidar_mock.egg-info/requires.txt
[2.249s] writing top-level names to ../../build/lidar_mock/lidar_mock.egg-info/top_level.txt
[2.249s] writing manifest file '../../build/lidar_mock/lidar_mock.egg-info/SOURCES.txt'
[2.304s] reading manifest file '../../build/lidar_mock/lidar_mock.egg-info/SOURCES.txt'
[2.305s] writing manifest file '../../build/lidar_mock/lidar_mock.egg-info/SOURCES.txt'
[2.305s] running build
[2.305s] running build_py
[2.305s] creating /home/ayeong/ros2_ws/build/lidar_mock/build
[2.305s] creating /home/ayeong/ros2_ws/build/lidar_mock/build/lib
[2.306s] creating /home/ayeong/ros2_ws/build/lidar_mock/build/lib/lidar_mock
[2.306s] copying lidar_mock/__init__.py -> /home/ayeong/ros2_ws/build/lidar_mock/build/lib/lidar_mock
[2.307s] running install
[2.312s] running install_lib
[2.339s] creating /home/ayeong/ros2_ws/install/lidar_mock/lib/python3.12/site-packages/lidar_mock
[2.340s] copying /home/ayeong/ros2_ws/build/lidar_mock/build/lib/lidar_mock/__init__.py -> /home/ayeong/ros2_ws/install/lidar_mock/lib/python3.12/site-packages/lidar_mock
[2.340s] byte-compiling /home/ayeong/ros2_ws/install/lidar_mock/lib/python3.12/site-packages/lidar_mock/__init__.py to __init__.cpython-312.pyc
[2.341s] running install_data
[2.341s] creating /home/ayeong/ros2_ws/install/lidar_mock/share/ament_index
[2.341s] creating /home/ayeong/ros2_ws/install/lidar_mock/share/ament_index/resource_index
[2.342s] creating /home/ayeong/ros2_ws/install/lidar_mock/share/ament_index/resource_index/packages
[2.342s] copying resource/lidar_mock -> /home/ayeong/ros2_ws/install/lidar_mock/share/ament_index/resource_index/packages
[2.342s] copying package.xml -> /home/ayeong/ros2_ws/install/lidar_mock/share/lidar_mock
[2.342s] running install_egg_info
[2.370s] Copying ../../build/lidar_mock/lidar_mock.egg-info to /home/ayeong/ros2_ws/install/lidar_mock/lib/python3.12/site-packages/lidar_mock-0.0.0-py3.12.egg-info
[2.372s] running install_scripts
[2.535s] writing list of installed files to '/home/ayeong/ros2_ws/build/lidar_mock/install.log'
[2.561s] Invoked command in '/home/ayeong/ros2_ws/src/lidar_mock' returned '0': PYTHONPATH=/home/ayeong/ros2_ws/build/lidar_mock/prefix_override:/usr/lib/python3/dist-packages/colcon_core/task/python/colcon_distutils_commands:/home/ayeong/ros2_ws/install/lidar_mock/lib/python3.12/site-packages:${PYTHONPATH} /usr/bin/python3 -W ignore:setup.py install is deprecated -W ignore:easy_install command is deprecated setup.py egg_info --egg-base ../../build/lidar_mock build --build-base /home/ayeong/ros2_ws/build/lidar_mock/build install --record /home/ayeong/ros2_ws/build/lidar_mock/install.log --single-version-externally-managed install_data
