running egg_info
writing ../../build/lidar_mock/lidar_mock.egg-info/PKG-INFO
writing dependency_links to ../../build/lidar_mock/lidar_mock.egg-info/dependency_links.txt
writing entry points to ../../build/lidar_mock/lidar_mock.egg-info/entry_points.txt
writing requirements to ../../build/lidar_mock/lidar_mock.egg-info/requires.txt
writing top-level names to ../../build/lidar_mock/lidar_mock.egg-info/top_level.txt
reading manifest file '../../build/lidar_mock/lidar_mock.egg-info/SOURCES.txt'
writing manifest file '../../build/lidar_mock/lidar_mock.egg-info/SOURCES.txt'
running build
running build_py
copying lidar_mock/lidar_publisher.py -> /home/ayeong/ros2_ws/build/lidar_mock/build/lib/lidar_mock
running install
running install_lib
copying /home/ayeong/ros2_ws/build/lidar_mock/build/lib/lidar_mock/lidar_publisher.py -> /home/ayeong/ros2_ws/install/lidar_mock/lib/python3.12/site-packages/lidar_mock
byte-compiling /home/ayeong/ros2_ws/install/lidar_mock/lib/python3.12/site-packages/lidar_mock/lidar_publisher.py to lidar_publisher.cpython-312.pyc
running install_data
running install_egg_info
removing '/home/ayeong/ros2_ws/install/lidar_mock/lib/python3.12/site-packages/lidar_mock-0.0.0-py3.12.egg-info' (and everything under it)
Copying ../../build/lidar_mock/lidar_mock.egg-info to /home/ayeong/ros2_ws/install/lidar_mock/lib/python3.12/site-packages/lidar_mock-0.0.0-py3.12.egg-info
running install_scripts
Installing lidar_publisher script to /home/ayeong/ros2_ws/install/lidar_mock/lib/lidar_mock
writing list of installed files to '/home/ayeong/ros2_ws/build/lidar_mock/install.log'
