[1.549s] Invoking command in '/home/ayeong/ros2_ws/src/lidar_mock': PYTHONPATH=/home/ayeong/ros2_ws/build/lidar_mock/prefix_override:/usr/lib/python3/dist-packages/colcon_core/task/python/colcon_distutils_commands:/home/ayeong/ros2_ws/install/lidar_mock/lib/python3.12/site-packages:${PYTHONPATH} /usr/bin/python3 -W ignore:setup.py install is deprecated -W ignore:easy_install command is deprecated setup.py egg_info --egg-base ../../build/lidar_mock build --build-base /home/ayeong/ros2_ws/build/lidar_mock/build install --record /home/ayeong/ros2_ws/build/lidar_mock/install.log --single-version-externally-managed install_data
[1.865s] running egg_info
[1.892s] writing ../../build/lidar_mock/lidar_mock.egg-info/PKG-INFO
[1.892s] writing dependency_links to ../../build/lidar_mock/lidar_mock.egg-info/dependency_links.txt
[1.892s] writing entry points to ../../build/lidar_mock/lidar_mock.egg-info/entry_points.txt
[1.894s] writing requirements to ../../build/lidar_mock/lidar_mock.egg-info/requires.txt
[1.894s] writing top-level names to ../../build/lidar_mock/lidar_mock.egg-info/top_level.txt
[1.948s] reading manifest file '../../build/lidar_mock/lidar_mock.egg-info/SOURCES.txt'
[1.950s] writing manifest file '../../build/lidar_mock/lidar_mock.egg-info/SOURCES.txt'
[1.950s] running build
[1.950s] running build_py
[1.951s] copying lidar_mock/lidar_publisher.py -> /home/ayeong/ros2_ws/build/lidar_mock/build/lib/lidar_mock
[1.952s] running install
[1.957s] running install_lib
[1.985s] copying /home/ayeong/ros2_ws/build/lidar_mock/build/lib/lidar_mock/lidar_publisher.py -> /home/ayeong/ros2_ws/install/lidar_mock/lib/python3.12/site-packages/lidar_mock
[1.986s] byte-compiling /home/ayeong/ros2_ws/install/lidar_mock/lib/python3.12/site-packages/lidar_mock/lidar_publisher.py to lidar_publisher.cpython-312.pyc
[1.987s] running install_data
[1.987s] running install_egg_info
[2.015s] removing '/home/ayeong/ros2_ws/install/lidar_mock/lib/python3.12/site-packages/lidar_mock-0.0.0-py3.12.egg-info' (and everything under it)
[2.015s] Copying ../../build/lidar_mock/lidar_mock.egg-info to /home/ayeong/ros2_ws/install/lidar_mock/lib/python3.12/site-packages/lidar_mock-0.0.0-py3.12.egg-info
[2.017s] running install_scripts
[2.176s] Installing lidar_publisher script to /home/ayeong/ros2_ws/install/lidar_mock/lib/lidar_mock
[2.177s] writing list of installed files to '/home/ayeong/ros2_ws/build/lidar_mock/install.log'
[2.202s] Invoked command in '/home/ayeong/ros2_ws/src/lidar_mock' returned '0': PYTHONPATH=/home/ayeong/ros2_ws/build/lidar_mock/prefix_override:/usr/lib/python3/dist-packages/colcon_core/task/python/colcon_distutils_commands:/home/ayeong/ros2_ws/install/lidar_mock/lib/python3.12/site-packages:${PYTHONPATH} /usr/bin/python3 -W ignore:setup.py install is deprecated -W ignore:easy_install command is deprecated setup.py egg_info --egg-base ../../build/lidar_mock build --build-base /home/ayeong/ros2_ws/build/lidar_mock/build install --record /home/ayeong/ros2_ws/build/lidar_mock/install.log --single-version-externally-managed install_data
